[05Jan2026 00:01:07.458] [Server thread/INFO] [net.minecraft.server.MinecraftServer/]: Sergio has made the advancement [Welcome To The Machine]
[05Jan2026 00:01:56.455] [Server thread/INFO] [net.minecraft.server.MinecraftServer/]: pablito12363 has made the advancement [Welcome To The Machine]
[05Jan2026 00:03:17.332] [Server thread/INFO] [net.minecraft.server.MinecraftServer/]: pablito12363 was doomed to fall by Sergio
[05Jan2026 00:03:17.334] [Server thread/INFO] [tombstone/]: The player pablito12363 has successfully been saved
[05Jan2026 00:05:27.131] [Server thread/INFO] [net.minecraft.server.MinecraftServer/]: pablito12363 hit the ground too hard
[05Jan2026 00:05:27.136] [Server thread/INFO] [tombstone/]: The player pablito12363 has successfully been saved
[05Jan2026 00:13:10.897] [Server thread/INFO] [net.minecraft.server.MinecraftServer/]: pablito12363 was shot by Skeleton
[05Jan2026 00:13:10.902] [Server thread/INFO] [tombstone/]: The player pablito12363 has successfully been saved
[05Jan2026 00:13:21.947] [Server thread/INFO] [net.minecraft.server.MinecraftServer/]: pablito12363 was shot by Skeleton
[05Jan2026 00:13:21.951] [Server thread/INFO] [tombstone/]: The player pablito12363 has successfully been saved
[05Jan2026 00:13:48.752] [Server thread/INFO] [net.minecraft.server.MinecraftServer/]: pablito12363 was shot by Skeleton
[05Jan2026 00:13:48.757] [Server thread/INFO] [tombstone/]: The player pablito12363 has successfully been saved
[05Jan2026 00:14:50.457] [Server thread/INFO] [net.minecraft.server.MinecraftServer/]: pablito12363 was shot by Skeleton
[05Jan2026 00:14:50.465] [Server thread/INFO] [tombstone/]: The player pablito12363 has successfully been saved
[05Jan2026 00:15:06.048] [Server thread/INFO] [net.minecraft.server.MinecraftServer/]: pablito12363 was slain by Skeleton
[05Jan2026 00:15:06.064] [Server thread/INFO] [tombstone/]: The player pablito12363 has successfully been saved
[05Jan2026 00:15:09.958] [Server thread/INFO] [net.minecraft.server.MinecraftServer/]: Sergio was shot by Skeleton
[05Jan2026 00:15:09.963] [Server thread/INFO] [tombstone/]: The player Sergio has successfully been saved
[05Jan2026 00:15:17.150] [Server thread/INFO] [net.minecraft.server.MinecraftServer/]: pablito12363 was slain by Skeleton
[05Jan2026 00:15:17.166] [Server thread/INFO] [tombstone/]: The player pablito12363 has successfully been saved
[05Jan2026 00:16:49.871] [Server thread/INFO] [net.minecraft.server.MinecraftServer/]: [pablito12363: Teleported Sergio to pablito12363]
[05Jan2026 00:19:34.602] [Server thread/INFO] [net.minecraft.server.MinecraftServer/]: pablito12363 was shot by Skeleton
[05Jan2026 00:19:34.606] [Server thread/INFO] [tombstone/]: The player pablito12363 has successfully been saved
[05Jan2026 00:19:59.710] [Server thread/INFO] [net.minecraft.server.MinecraftServer/]: pablito12363 was shot by Skeleton
[05Jan2026 00:19:59.715] [Server thread/INFO] [tombstone/]: The player pablito12363 has successfully been saved
[05Jan2026 00:20:36.257] [Server thread/INFO] [net.minecraft.server.MinecraftServer/]: Sergio was slain by Gearling
[05Jan2026 00:20:36.263] [Server thread/INFO] [tombstone/]: The player Sergio has successfully been saved
[05Jan2026 00:20:36.505] [Server thread/INFO] [net.minecraft.server.MinecraftServer/]: pablito12363 was shot by Skeleton
[05Jan2026 00:20:36.510] [Server thread/INFO] [tombstone/]: The player pablito12363 has successfully been saved
[05Jan2026 00:21:08.402] [Server thread/INFO] [net.minecraft.server.MinecraftServer/]: Sergio has reached the goal [Chain Death]
[05Jan2026 00:21:08.402] [Server thread/INFO] [net.minecraft.server.MinecraftServer/]: Sergio was slain by Gearling
[05Jan2026 00:21:08.407] [Server thread/INFO] [tombstone/]: The player Sergio has successfully been saved
[05Jan2026 00:21:08.601] [Server thread/INFO] [net.minecraft.server.MinecraftServer/]: pablito12363 was shot by Skeleton
[05Jan2026 00:21:08.606] [Server thread/INFO] [tombstone/]: The player pablito12363 has successfully been saved
[05Jan2026 00:21:36.256] [Server thread/INFO] [net.minecraft.server.MinecraftServer/]: pablito12363 was shot by Skeleton
[05Jan2026 00:21:36.262] [Server thread/INFO] [tombstone/]: The player pablito12363 has successfully been saved
[05Jan2026 00:22:14.942] [Server thread/INFO] [net.minecraft.server.MinecraftServer/]: pablito12363 was slain by Gearling
[05Jan2026 00:22:14.970] [Server thread/INFO] [tombstone/]: The player pablito12363 has successfully been saved
[05Jan2026 00:22:31.402] [Server thread/INFO] [net.minecraft.server.MinecraftServer/]: Sergio was slain by Gearling
[05Jan2026 00:22:31.409] [Server thread/INFO] [tombstone/]: The player Sergio has successfully been saved
[05Jan2026 00:23:14.790] [Server thread/INFO] [net.minecraft.server.MinecraftServer/]: pablito12363 was slain by Gearling
[05Jan2026 00:23:14.809] [Server thread/INFO] [tombstone/]: The player pablito12363 has successfully been saved
[05Jan2026 00:23:18.897] [Server thread/INFO] [net.minecraft.server.MinecraftServer/]: Sergio was slain by Gearling
[05Jan2026 00:23:18.919] [Server thread/INFO] [tombstone/]: The player Sergio has successfully been saved
[05Jan2026 00:23:36.399] [Server thread/INFO] [net.minecraft.server.MinecraftServer/]: Sergio was slain by Gearling
[05Jan2026 00:23:36.405] [Server thread/INFO] [tombstone/]: The player Sergio has successfully been saved
[05Jan2026 00:24:04.504] [Server thread/INFO] [net.minecraft.world.entity.LivingEntity/]: Named entity Zombie['Gearling'/31905, l='ServerLevel[world]', x=-897.33, y=190.00, z=-1775.30] died: Gearling fell from a high place
[05Jan2026 00:24:05.641] [Server thread/INFO] [net.minecraft.world.entity.LivingEntity/]: Named entity Zombie['Gearling'/30492, l='ServerLevel[world]', x=-899.85, y=207.50, z=-1769.66] died: Gearling hit the ground too hard
[05Jan2026 00:24:24.496] [Server thread/INFO] [net.minecraft.world.entity.LivingEntity/]: Named entity Zombie['Gearling'/32073, l='ServerLevel[world]', x=-897.32, y=190.00, z=-1775.23] died: Gearling fell from a high place
[05Jan2026 00:24:32.247] [Server thread/INFO] [net.minecraft.server.MinecraftServer/]: pablito12363 was slain by Gearling
[05Jan2026 00:24:32.252] [Server thread/INFO] [tombstone/]: The player pablito12363 has successfully been saved
[05Jan2026 00:25:17.645] [Server thread/INFO] [net.minecraft.world.entity.LivingEntity/]: Named entity Zombie['Gearling'/32402, l='ServerLevel[world]', x=-897.30, y=190.00, z=-1775.28] died: Gearling fell from a high place
[05Jan2026 00:25:34.398] [Server thread/INFO] [net.minecraft.server.MinecraftServer/]: pablito12363 was slain by Gearling
[05Jan2026 00:25:34.403] [Server thread/INFO] [tombstone/]: The player pablito12363 has successfully been saved
[05Jan2026 00:25:40.038] [Server thread/INFO] [net.minecraft.world.entity.LivingEntity/]: Named entity Zombie['Gearling'/30491, l='ServerLevel[world]', x=-896.85, y=190.00, z=-1778.20] died: Gearling fell from a high place
[05Jan2026 00:25:56.096] [Server thread/INFO] [net.minecraft.server.MinecraftServer/]: Sergio was shot by Skeleton
[05Jan2026 00:25:56.099] [Server thread/INFO] [tombstone/]: The player Sergio has successfully been saved
[05Jan2026 00:26:40.553] [Server thread/INFO] [net.minecraft.server.MinecraftServer/]: pablito12363 was slain by Gearling
[05Jan2026 00:26:40.562] [Server thread/INFO] [tombstone/]: The player pablito12363 has successfully been saved
[05Jan2026 00:27:55.400] [Server thread/INFO] [net.minecraft.server.MinecraftServer/]: [pablito12363: Set own game mode to Spectator Mode]
[05Jan2026 00:27:57.154] [Server thread/INFO] [net.minecraft.server.MinecraftServer/]: Sergio fell from a high place
[05Jan2026 00:27:57.156] [Server thread/INFO] [tombstone/]: The player Sergio has successfully been saved
[05Jan2026 00:28:15.345] [Server thread/INFO] [net.minecraft.world.entity.LivingEntity/]: Named entity Zombie['Gearling'/32914, l='ServerLevel[world]', x=-896.73, y=190.00, z=-1775.78] died: Gearling fell from a high place
[05Jan2026 00:28:20.398] [Server thread/INFO] [net.minecraft.server.MinecraftServer/]: Sergio was shot by Skeleton
[05Jan2026 00:28:20.402] [Server thread/INFO] [tombstone/]: The player Sergio has successfully been saved
[05Jan2026 00:28:40.943] [Server thread/INFO] [net.minecraft.world.entity.LivingEntity/]: Named entity Zombie['Gearling'/32930, l='ServerLevel[world]', x=-895.65, y=192.50, z=-1779.04] died: Gearling hit the ground too hard
[05Jan2026 00:28:48.251] [Server thread/WARN] [net.minecraft.server.network.ServerGamePacketListenerImpl/]: Sergio was kicked for floating too long!
[05Jan2026 00:28:48.252] [Server thread/INFO] [net.minecraft.server.network.ServerGamePacketListenerImpl/]: Sergio lost connection: Flying is not enabled on this server
[05Jan2026 00:28:48.252] [Server thread/INFO] [net.minecraft.server.MinecraftServer/]: Sergio left the game
[05Jan2026 00:28:48.300] [Server thread/WARN] [net.minecraft.network.Connection/]: handleDisconnection() called twice
[05Jan2026 00:28:53.343] [Server thread/INFO] [net.minecraft.world.entity.LivingEntity/]: Named entity Zombie['Gearling'/32068, l='ServerLevel[world]', x=-894.23, y=96.00, z=-1746.05] died: Gearling fell from a high place
[05Jan2026 00:28:53.694] [Server thread/INFO] [net.minecraft.world.entity.LivingEntity/]: Named entity Zombie['Gearling'/32758, l='ServerLevel[world]', x=-896.79, y=190.00, z=-1778.31] died: Gearling fell from a high place
[05Jan2026 00:28:59.580] [Server thread/INFO] [net.minecraft.server.players.PlayerList/]: Sergio[/127.145.238.209:57635] logged in with entity id 33682 at (-899.1461710225454, 198.14998983419147, -1807.4563998053268)
[05Jan2026 00:28:59.589] [Server thread/INFO] [net.minecraft.server.MinecraftServer/]: Sergio joined the game
[05Jan2026 00:28:59.646] [Server thread/INFO] [Jade/]: Syncing config to Sergio (bcd59dfa-6cc6-3408-9ba4-1888848f4cc1)
[05Jan2026 00:29:44.831] [Server thread/INFO] [net.minecraft.server.MinecraftServer/]: [pablito12363: Set own game mode to Survival Mode]
[05Jan2026 00:29:59.708] [Server thread/INFO] [net.minecraft.server.MinecraftServer/]: [pablito12363: Teleported pablito12363 to Sergio]
[05Jan2026 00:30:27.452] [Server thread/INFO] [net.minecraft.server.MinecraftServer/]: Sergio was blown up by The Terrible Ten
[05Jan2026 00:30:27.455] [Server thread/INFO] [tombstone/]: The player Sergio has successfully been saved
[05Jan2026 00:30:38.480] [Server thread/INFO] [net.minecraft.server.MinecraftServer/]: [pablito12363: Teleported Sergio to pablito12363]
[05Jan2026 00:31:07.730] [Worker-Main-23/WARN] [net.minecraft.world.level.levelgen.structure.pools.JigsawPlacement/]: Empty or non-existent pool: minecraft:
[05Jan2026 00:31:07.731] [Worker-Main-23/WARN] [net.minecraft.world.level.levelgen.structure.pools.JigsawPlacement/]: Empty or non-existent pool: minecraft:
[05Jan2026 00:31:07.732] [Worker-Main-23/WARN] [net.minecraft.world.level.levelgen.structure.pools.JigsawPlacement/]: Empty or non-existent pool: minecraft:
[05Jan2026 00:31:07.737] [Worker-Main-23/WARN] [net.minecraft.world.level.levelgen.structure.pools.JigsawPlacement/]: Empty or non-existent pool: minecraft:
[05Jan2026 00:31:07.737] [Worker-Main-23/WARN] [net.minecraft.world.level.levelgen.structure.pools.JigsawPlacement/]: Empty or non-existent pool: minecraft:
[05Jan2026 00:31:07.738] [Worker-Main-23/WARN] [net.minecraft.world.level.levelgen.structure.pools.JigsawPlacement/]: Empty or non-existent pool: minecraft:
[05Jan2026 00:31:07.745] [Worker-Main-23/WARN] [net.minecraft.world.level.levelgen.structure.pools.JigsawPlacement/]: Empty or non-existent pool: minecraft:
[05Jan2026 00:31:38.124] [Server thread/INFO] [net.minecraft.server.MinecraftServer/]: [pablito12363: Teleported pablito12363 to Sergio]
[05Jan2026 00:33:03.551] [Server thread/INFO] [net.minecraft.server.MinecraftServer/]: Sergio drowned
[05Jan2026 00:33:03.554] [Server thread/INFO] [tombstone/]: The player Sergio has successfully been saved
[05Jan2026 00:33:14.816] [Server thread/INFO] [net.minecraft.server.MinecraftServer/]: [pablito12363: Teleported Sergio to pablito12363]
[05Jan2026 00:52:03.273] [Server thread/INFO] [net.minecraft.server.MinecraftServer/]: pablito12363 has made the advancement [Ashes 'n Bones]
[05Jan2026 00:54:13.353] [Server thread/INFO] [net.minecraft.server.MinecraftServer/]: [pablito12363: Teleported Sergio to pablito12363]
[05Jan2026 00:55:12.005] [Server thread/INFO] [net.minecraft.server.MinecraftServer/]: pablito12363 was shot by Skeleton
[05Jan2026 00:55:12.010] [Server thread/INFO] [tombstone/]: The player pablito12363 has successfully been saved
[05Jan2026 00:55:19.959] [Server thread/INFO] [net.minecraft.server.MinecraftServer/]: [pablito12363: Teleported pablito12363 to Sergio]
[05Jan2026 00:55:58.555] [Server thread/INFO] [net.minecraft.server.MinecraftServer/]: Sergio has completed the challenge [Knights of The Square-Table]
[05Jan2026 00:58:54.034] [Worker-Main-23/ERROR] [net.minecraft.world.entity.decoration.HangingEntity/]: Hanging entity at invalid position: BlockPos{x=-23, y=-45, z=-412}
[05Jan2026 00:58:54.035] [Worker-Main-23/ERROR] [net.minecraft.world.entity.decoration.HangingEntity/]: Hanging entity at invalid position: BlockPos{x=-23, y=-45, z=-416}
[05Jan2026 00:59:45.576] [Worker-Main-24/ERROR] [net.minecraft.world.entity.decoration.HangingEntity/]: Hanging entity at invalid position: BlockPos{x=470, y=-58, z=365}
[05Jan2026 00:59:45.576] [Worker-Main-24/ERROR] [net.minecraft.world.entity.decoration.HangingEntity/]: Hanging entity at invalid position: BlockPos{x=474, y=-58, z=362}
[05Jan2026 00:59:45.576] [Worker-Main-24/ERROR] [net.minecraft.world.entity.decoration.HangingEntity/]: Hanging entity at invalid position: BlockPos{x=473, y=-58, z=367}
[05Jan2026 00:59:45.576] [Worker-Main-24/ERROR] [net.minecraft.world.entity.decoration.HangingEntity/]: Hanging entity at invalid position: BlockPos{x=473, y=-51, z=366}
[05Jan2026 00:59:45.576] [Worker-Main-24/ERROR] [net.minecraft.world.entity.decoration.HangingEntity/]: Hanging entity at invalid position: BlockPos{x=477, y=-59, z=366}
[05Jan2026 00:59:45.576] [Worker-Main-24/ERROR] [net.minecraft.world.entity.decoration.HangingEntity/]: Hanging entity at invalid position: BlockPos{x=474, y=-57, z=364}
[05Jan2026 00:59:45.577] [Worker-Main-24/ERROR] [net.minecraft.world.entity.decoration.HangingEntity/]: Hanging entity at invalid position: BlockPos{x=471, y=-59, z=368}
[05Jan2026 01:00:52.152] [Server thread/INFO] [net.minecraft.server.MinecraftServer/]: Sergio was shot by Skeleton
[05Jan2026 01:00:52.156] [Server thread/INFO] [tombstone/]: The player Sergio has successfully been saved
[05Jan2026 01:00:55.047] [Server thread/INFO] [net.minecraft.server.MinecraftServer/]: pablito12363 was slain by Silverfish
[05Jan2026 01:00:55.056] [Server thread/INFO] [tombstone/]: The player pablito12363 has successfully been saved
[05Jan2026 01:01:08.050] [Server thread/INFO] [net.minecraft.server.MinecraftServer/]: Sergio was slain by Gearling
[05Jan2026 01:01:08.054] [Server thread/INFO] [tombstone/]: The player Sergio has successfully been saved
[05Jan2026 01:01:17.264] [Server thread/INFO] [net.minecraft.server.MinecraftServer/]: [pablito12363: Teleported Sergio to pablito12363]
[05Jan2026 01:01:25.127] [Server thread/INFO] [net.minecraft.server.MinecraftServer/]: pablito12363 was doomed to fall by Sergio
[05Jan2026 01:01:25.138] [Server thread/INFO] [tombstone/]: The player pablito12363 has successfully been saved
[05Jan2026 01:01:28.513] [Server thread/INFO] [net.minecraft.server.MinecraftServer/]: Sergio fell from a high place
[05Jan2026 01:01:28.515] [Server thread/INFO] [tombstone/]: The player Sergio has successfully been saved
[05Jan2026 01:01:29.993] [Server thread/INFO] [net.minecraft.server.MinecraftServer/]: [pablito12363: Teleported pablito12363 to Sergio]
[05Jan2026 01:01:51.468] [Server thread/INFO] [net.minecraft.server.MinecraftServer/]: [pablito12363: Teleported Sergio to pablito12363]
[05Jan2026 01:02:01.706] [Server thread/WARN] [net.minecraft.server.network.ServerGamePacketListenerImpl/]: Sergio was kicked for floating too long!
[05Jan2026 01:02:01.775] [Server thread/INFO] [net.minecraft.server.network.ServerGamePacketListenerImpl/]: Sergio lost connection: Flying is not enabled on this server
[05Jan2026 01:02:01.775] [Server thread/INFO] [net.minecraft.server.MinecraftServer/]: Sergio left the game
[05Jan2026 01:02:02.154] [Server thread/WARN] [net.minecraft.server.network.ServerGamePacketListenerImpl/]: pablito12363 was kicked for floating too long!
[05Jan2026 01:02:02.205] [Server thread/INFO] [net.minecraft.server.network.ServerGamePacketListenerImpl/]: pablito12363 lost connection: Flying is not enabled on this server
[05Jan2026 01:02:02.205] [Server thread/INFO] [net.minecraft.server.MinecraftServer/]: pablito12363 left the game
[05Jan2026 01:02:11.600] [Server thread/INFO] [net.minecraft.server.players.PlayerList/]: pablito12363[/127.54.255.13:41999] logged in with entity id 42158 at (-913.8408995474828, 198.80043567239758, -1748.471487200427)
[05Jan2026 01:02:11.612] [Server thread/INFO] [net.minecraft.server.MinecraftServer/]: pablito12363 joined the game
[05Jan2026 01:02:11.615] [Server thread/INFO] [Jade/]: Syncing config to pablito12363 (b4aa97e8-971d-32ce-a9cc-dd7fe7af7a7d)
[05Jan2026 01:02:19.105] [Server thread/WARN] [net.minecraft.server.network.ServerGamePacketListenerImpl/]: pablito12363 was kicked for floating too long!
[05Jan2026 01:02:19.152] [Server thread/INFO] [net.minecraft.server.network.ServerGamePacketListenerImpl/]: pablito12363 lost connection: Flying is not enabled on this server
[05Jan2026 01:02:19.152] [Server thread/INFO] [net.minecraft.server.MinecraftServer/]: pablito12363 left the game
[05Jan2026 01:02:21.047] [Server thread/INFO] [net.minecraft.server.players.PlayerList/]: Sergio[/127.145.238.209:47583] logged in with entity id 42742 at (-919.7575734620665, 200.23682990393718, -1743.9697172507836)
[05Jan2026 01:02:21.052] [Server thread/INFO] [net.minecraft.server.MinecraftServer/]: Sergio joined the game
[05Jan2026 01:02:21.056] [Server thread/INFO] [Jade/]: Syncing config to Sergio (bcd59dfa-6cc6-3408-9ba4-1888848f4cc1)
[05Jan2026 01:02:27.955] [Server thread/WARN] [net.minecraft.server.network.ServerGamePacketListenerImpl/]: Sergio was kicked for floating too long!
[05Jan2026 01:02:28.000] [Server thread/INFO] [net.minecraft.server.network.ServerGamePacketListenerImpl/]: Sergio lost connection: Flying is not enabled on this server
[05Jan2026 01:02:28.000] [Server thread/INFO] [net.minecraft.server.MinecraftServer/]: Sergio left the game
[05Jan2026 01:02:28.748] [Server thread/INFO] [net.minecraft.server.players.PlayerList/]: pablito12363[/127.54.255.13:32835] logged in with entity id 43339 at (-913.8408995474828, 183.55220885941353, -1748.471487200427)
[05Jan2026 01:02:28.759] [Server thread/INFO] [net.minecraft.server.MinecraftServer/]: pablito12363 joined the game
[05Jan2026 01:02:28.763] [Server thread/INFO] [Jade/]: Syncing config to pablito12363 (b4aa97e8-971d-32ce-a9cc-dd7fe7af7a7d)
[05Jan2026 01:02:35.325] [Server thread/INFO] [net.minecraft.server.players.PlayerList/]: Sergio[/127.145.238.209:58581] logged in with entity id 43944 at (-924.862646963888, 184.9886030909531, -1738.2999017749023)
[05Jan2026 01:02:35.330] [Server thread/INFO] [net.minecraft.server.MinecraftServer/]: Sergio joined the game
[05Jan2026 01:02:35.392] [Server thread/INFO] [Jade/]: Syncing config to Sergio (bcd59dfa-6cc6-3408-9ba4-1888848f4cc1)
[05Jan2026 01:02:41.561] [Server thread/INFO] [net.minecraft.server.MinecraftServer/]: [pablito12363: Teleported Sergio to pablito12363]
[05Jan2026 01:03:06.813] [Server thread/INFO] [net.minecraft.server.MinecraftServer/]: [pablito12363: Teleported pablito12363 to Sergio]
[05Jan2026 01:03:44.896] [Server thread/WARN] [net.minecraft.server.network.ServerGamePacketListenerImpl/]: pablito12363 was kicked for floating too long!
[05Jan2026 01:03:44.951] [Server thread/INFO] [net.minecraft.server.network.ServerGamePacketListenerImpl/]: pablito12363 lost connection: Flying is not enabled on this server
[05Jan2026 01:03:44.951] [Server thread/INFO] [net.minecraft.server.MinecraftServer/]: pablito12363 left the game
[05Jan2026 01:03:53.304] [Server thread/INFO] [net.minecraft.server.players.PlayerList/]: pablito12363[/127.54.255.13:60921] logged in with entity id 44474 at (-886.861031977279, 79.46026947021555, -1940.5273569018395)
[05Jan2026 01:03:53.315] [Server thread/INFO] [net.minecraft.server.MinecraftServer/]: pablito12363 joined the game
[05Jan2026 01:03:53.351] [Server thread/INFO] [Jade/]: Syncing config to pablito12363 (b4aa97e8-971d-32ce-a9cc-dd7fe7af7a7d)
[05Jan2026 01:05:08.113] [Server thread/INFO] [net.minecraft.server.MinecraftServer/]: pablito12363 has made the advancement [Diamonds!]
[05Jan2026 01:05:52.291] [Server thread/INFO] [net.minecraft.server.MinecraftServer/]: pablito12363 was slain by Silverfish
[05Jan2026 01:05:52.308] [Server thread/INFO] [tombstone/]: The player pablito12363 has successfully been saved
[05Jan2026 01:05:59.154] [Server thread/INFO] [net.minecraft.server.MinecraftServer/]: [pablito12363: Teleported pablito12363 to Sergio]
[05Jan2026 01:06:25.746] [Server thread/INFO] [net.minecraft.server.MinecraftServer/]: pablito12363 was slain by Silverfish
[05Jan2026 01:06:25.757] [Server thread/INFO] [tombstone/]: The player pablito12363 has successfully been saved
[05Jan2026 01:06:28.629] [Server thread/INFO] [net.minecraft.server.MinecraftServer/]: [pablito12363: Teleported pablito12363 to Sergio]
[05Jan2026 01:07:16.493] [Server thread/INFO] [net.minecraft.server.MinecraftServer/]: pablito12363 was slain by Silverfish
[05Jan2026 01:07:16.501] [Server thread/INFO] [tombstone/]: The player pablito12363 has successfully been saved
[05Jan2026 01:07:20.967] [Server thread/INFO] [net.minecraft.server.MinecraftServer/]: [pablito12363: Teleported pablito12363 to Sergio]
[05Jan2026 01:07:43.845] [Server thread/INFO] [net.minecraft.server.MinecraftServer/]: pablito12363 was slain by Silverfish
[05Jan2026 01:07:43.858] [Server thread/INFO] [tombstone/]: The player pablito12363 has successfully been saved
[05Jan2026 01:07:46.954] [Server thread/INFO] [net.minecraft.server.MinecraftServer/]: [pablito12363: Teleported pablito12363 to Sergio]
[05Jan2026 01:12:05.478] [Worker-Main-24/ERROR] [net.minecraft.world.entity.decoration.HangingEntity/]: Hanging entity at invalid position: BlockPos{x=15, y=-40, z=-499}
[05Jan2026 01:12:05.479] [Worker-Main-24/ERROR] [net.minecraft.world.entity.decoration.HangingEntity/]: Hanging entity at invalid position: BlockPos{x=15, y=-40, z=-503}
[05Jan2026 01:13:36.247] [Server thread/INFO] [net.minecraft.server.MinecraftServer/]: Sergio has made the advancement [What a Deal!]
[05Jan2026 01:15:18.705] [Worker-Main-23/ERROR] [net.minecraft.world.entity.decoration.HangingEntity/]: Hanging entity at invalid position: BlockPos{x=578, y=-26, z=-305}
[05Jan2026 01:15:18.705] [Worker-Main-23/ERROR] [net.minecraft.world.entity.decoration.HangingEntity/]: Hanging entity at invalid position: BlockPos{x=577, y=-14, z=-306}
[05Jan2026 01:15:18.706] [Worker-Main-23/ERROR] [net.minecraft.world.entity.decoration.HangingEntity/]: Hanging entity at invalid position: BlockPos{x=576, y=-28, z=-303}
[05Jan2026 01:15:18.706] [Worker-Main-23/ERROR] [net.minecraft.world.entity.decoration.HangingEntity/]: Hanging entity at invalid position: BlockPos{x=578, y=-28, z=-303}
[05Jan2026 01:15:18.706] [Worker-Main-23/ERROR] [net.minecraft.world.entity.decoration.HangingEntity/]: Hanging entity at invalid position: BlockPos{x=578, y=-27, z=-303}
[05Jan2026 01:15:18.706] [Worker-Main-23/ERROR] [net.minecraft.world.entity.decoration.HangingEntity/]: Hanging entity at invalid position: BlockPos{x=576, y=-14, z=-304}
[05Jan2026 01:16:43.123] [Server thread/INFO] [net.minecraft.server.MinecraftServer/]: [pablito12363: Teleported pablito12363 to Sergio]
[05Jan2026 01:16:45.884] [Worker-Main-23/WARN] [net.minecraft.world.level.levelgen.structure.pools.JigsawPlacement/]: Empty or non-existent pool: minecraft:minecraft_empty
[05Jan2026 01:18:40.757] [Server thread/INFO] [net.minecraft.server.MinecraftServer/]: Sergio was doomed to fall by pablito12363 using [The Excalibur]
[05Jan2026 01:18:41.380] [Server thread/INFO] [net.minecraft.server.MinecraftServer/]: death.attack.freeze.item
[05Jan2026 01:18:41.390] [Server thread/INFO] [tombstone/]: The player Sergio has successfully been saved
[05Jan2026 01:18:41.393] [Server thread/INFO] [tombstone/]: The player pablito12363 has successfully been saved
[05Jan2026 01:18:46.441] [Server thread/INFO] [net.minecraft.server.MinecraftServer/]: [pablito12363: Teleported pablito12363 to Sergio]
[05Jan2026 01:18:54.954] [Server thread/INFO] [net.minecraft.server.MinecraftServer/]: [pablito12363: Teleported Sergio to pablito12363]
[05Jan2026 01:19:17.849] [Server thread/INFO] [net.minecraft.world.entity.npc.Villager/]: Villager Villager['Lighthouse Keeper'/54951, l='ServerLevel[world]', x=-1590.04, y=66.00, z=-3464.66] died, message: 'Lighthouse Keeper was slain by Vindicator'
[05Jan2026 01:19:17.849] [Server thread/INFO] [net.minecraft.world.entity.LivingEntity/]: Named entity Villager['Lighthouse Keeper'/54951, l='ServerLevel[world]', x=-1590.04, y=66.00, z=-3464.66] died: Lighthouse Keeper was slain by Vindicator
[05Jan2026 01:20:54.467] [Worker-Main-23/WARN] [ModdingLegacy/StructureGel/]: [structure_gel] Empty or non-existent pool: minecraft:
[05Jan2026 01:21:18.691] [Worker-Main-24/ERROR] [net.minecraft.world.entity.decoration.HangingEntity/]: Hanging entity at invalid position: BlockPos{x=-66, y=92, z=-105}
[05Jan2026 01:21:18.692] [Worker-Main-24/WARN] [net.minecraft.world.entity.ai.attributes.AttributeMap/]: Ignoring unknown attribute 'divine_weaponry:zeus_relay'
[05Jan2026 01:21:18.714] [Worker-Main-24/ERROR] [net.minecraft.world.entity.decoration.HangingEntity/]: Hanging entity at invalid position: BlockPos{x=-52, y=92, z=-105}
[05Jan2026 01:21:18.715] [Worker-Main-24/WARN] [net.minecraft.world.entity.ai.attributes.AttributeMap/]: Ignoring unknown attribute 'divine_weaponry:zeus_relay'
[05Jan2026 01:22:03.707] [Worker-Main-25/ERROR] [net.minecraft.world.entity.decoration.HangingEntity/]: Hanging entity at invalid position: BlockPos{x=15, y=-40, z=-499}
[05Jan2026 01:22:03.707] [Worker-Main-25/ERROR] [net.minecraft.world.entity.decoration.HangingEntity/]: Hanging entity at invalid position: BlockPos{x=15, y=-40, z=-503}
[05Jan2026 01:23:24.127] [Worker-Main-24/ERROR] [net.minecraft.world.entity.decoration.HangingEntity/]: Hanging entity at invalid position: BlockPos{x=-66, y=92, z=-105}
[05Jan2026 01:23:24.127] [Worker-Main-24/WARN] [net.minecraft.world.entity.ai.attributes.AttributeMap/]: Ignoring unknown attribute 'divine_weaponry:zeus_relay'
[05Jan2026 01:23:24.138] [Worker-Main-23/ERROR] [net.minecraft.world.entity.decoration.HangingEntity/]: Hanging entity at invalid position: BlockPos{x=-52, y=92, z=-105}
[05Jan2026 01:23:24.138] [Worker-Main-23/WARN] [net.minecraft.world.entity.ai.attributes.AttributeMap/]: Ignoring unknown attribute 'divine_weaponry:zeus_relay'
[05Jan2026 01:24:28.766] [Server thread/WARN] [net.minecraft.server.network.ServerGamePacketListenerImpl/]: Boat (vehicle of Sergio) moved wrongly! 1.3737119864995293
[05Jan2026 01:24:28.812] [Server thread/WARN] [net.minecraft.server.network.ServerGamePacketListenerImpl/]: Boat (vehicle of Sergio) moved wrongly! 0.6850772787220194
[05Jan2026 01:24:28.863] [Server thread/WARN] [net.minecraft.server.network.ServerGamePacketListenerImpl/]: Boat (vehicle of Sergio) moved wrongly! 0.7863058446264404
[05Jan2026 01:24:29.614] [Server thread/INFO] [net.minecraft.server.MinecraftServer/]: pablito12363 has made the advancement [We Just Want our Hat Back]
